{
  "resourceMetrics": [
    {
      "resource": {
        "attributes": [
          {
            "key": "service.name",
            "value": {
              "stringValue": "metrics-integration-test"
            }
          }
        ]
      },
      "scopeMetrics": [
        {
          "scope": {
            "name": "test_up_down_meter"
          },
          "metrics": [
            {
              "name": "example_up_down_counter",
              "sum": {
                "dataPoints": [
                  {
                    "attributes": [
                      {
                        "key": "mykey5",
                        "value": {
                          "stringValue": "myvalue5"
                        }
                      }
                    ],
                    "startTimeUnixNano": "1734259947902844000",
                    "timeUnixNano": "1734259952816822000",
                    "asInt": "-1"
                  }
                ],
                "aggregationTemporality": 2
              }
            }
          ]
        }
      ]
    }
  ]
}
