{
  "resourceMetrics": [
    {
      "resource": {
        "attributes": [
          {
            "key": "service.name",
            "value": {
              "stringValue": "metrics-integration-test"
            }
          }
        ]
      },
      "scopeMetrics": [
        {
          "scope": {
            "name": "test_histogram_meter"
          },
          "metrics": [
            {
              "name": "example_histogram",
              "histogram": {
                "dataPoints": [
                  {
                    "attributes": [
                      {
                        "key": "mykey3",
                        "value": {
                          "stringValue": "myvalue4"
                        }
                      }
                    ],
                    "startTimeUnixNano": "1734259947902842000",
                    "timeUnixNano": "1734259949551023000",
                    "count": "1",
                    "sum": 42,
                    "bucketCounts": [
                      "0",
                      "0",
                      "0",
                      "0",
                      "1",
                      "0",
                      "0",
                      "0",
                      "0",
                      "0",
                      "0",
                      "0",
                      "0",
                      "0",
                      "0",
                      "0"
                    ],
                    "explicitBounds": [
                      0,
                      5,
                      10,
                      25,
                      50,
                      75,
                      100,
                      250,
                      500,
                      750,
                      1000,
                      2500,
                      5000,
                      7500,
                      10000
                    ],
                    "min": 42,
                    "max": 42
                  }
                ],
                "aggregationTemporality": 2
              }
            }
          ]
        }
      ]
    }
  ]
}
