{
  "resourceMetrics": [
    {
      "resource": {
        "attributes": [
          {
            "key": "service.name",
            "value": {
              "stringValue": "my.service"
            }
          }
        ],
        "droppedAttributesCount": 0
      },
      "scopeMetrics": [
        {
          "scope": {
            "name": "my.library",
            "version": "1.0.0",
            "attributes": [
              {
                "key": "my.scope.attribute",
                "value": {
                  "stringValue": "some scope attribute"
                }
              }
            ],
            "droppedAttributesCount": 0
          },
          "metrics": [
            {
              "name": "my.counter",
              "description": "I am a Counter",
              "unit": "1",
              "metadata": [],
              "sum": {
                "dataPoints": [
                  {
                    "attributes": [
                      {
                        "key": "my.counter.attr",
                        "value": {
                          "stringValue": "some value"
                        }
                      }
                    ],
                    "startTimeUnixNano": "1544712660300000000",
                    "timeUnixNano": "1544712660300000000",
                    "exemplars": [],
                    "flags": 0,
                    "asDouble": 5.0
                  }
                ],
                "aggregationTemporality": 1,
                "isMonotonic": true
              }
            },
            {
              "name": "my.gauge",
              "description": "I am a Gauge",
              "unit": "1",
              "metadata": [],
              "gauge": {
                "dataPoints": [
                  {
                    "attributes": [
                      {
                        "key": "my.gauge.attr",
                        "value": {
                          "stringValue": "some value"
                        }
                      }
                    ],
                    "startTimeUnixNano": "1544712660300000000",
                    "timeUnixNano": "1544712660300000000",
                    "exemplars": [],
                    "flags": 0,
                    "asDouble": 10.0
                  }
                ]
              }
            },
            {
              "name": "my.histogram",
              "description": "I am a Histogram",
              "unit": "1",
              "metadata": [],
              "histogram": {
                "dataPoints": [
                  {
                    "attributes": [
                      {
                        "key": "my.histogram.attr",
                        "value": {
                          "stringValue": "some value"
                        }
                      }
                    ],
                    "startTimeUnixNano": "1544712660300000000",
                    "timeUnixNano": "1544712660300000000",
                    "count": 2,
                    "sum": 2.0,
                    "bucketCounts": [
                      1,
                      1
                    ],
                    "explicitBounds": [
                      1.0
                    ],
                    "exemplars": [],
                    "flags": 0,
                    "min": 0.0,
                    "max": 2.0
                  }
                ],
                "aggregationTemporality": 1
              }
            }
          ],
          "schemaUrl": "whatever"
        }
      ],
      "schemaUrl": "whatever"
    }
  ]
}